src/features/dashboard/DashboardPage.tsx(2,17): error TS6133: 'useState' is declared but its value is never read.
src/features/dashboard/DashboardPage.tsx(156,49): error TS2322: Type 'import("C:/Users/User/OneDrive/Desktop/alzhra smart/src/features/dashboard/models/index").ChartDataPoint[]' is not assignable to type 'import("C:/Users/User/OneDrive/Desktop/alzhra smart/src/features/dashboard/components/SalesFlowChart/hooks/useSalesFlowChart").ChartDataPoint[]'.
  Type 'import("C:/Users/User/OneDrive/Desktop/alzhra smart/src/features/dashboard/models/index").ChartDataPoint' is not assignable to type 'import("C:/Users/User/OneDrive/Desktop/alzhra smart/src/features/dashboard/components/SalesFlowChart/hooks/useSalesFlowChart").ChartDataPoint' with 'exactOptionalPropertyTypes: true'. Consider adding 'undefined' to the types of the target's properties.
    Property 'value' is optional in type 'ChartDataPoint' but required in type 'ChartDataPoint'.
src/features/dashboard/DashboardPage.tsx(185,50): error TS2322: Type 'ChartDataPoint[]' is not assignable to type '{ name: string; value: number; }[]'.
  Type 'ChartDataPoint' is not assignable to type '{ name: string; value: number; }'.
    Property 'value' is optional in type 'ChartDataPoint' but required in type '{ name: string; value: number; }'.
src/features/dashboard/DashboardPage.tsx(192,29): error TS2322: Type 'TopPerformer[]' is not assignable to type 'TopProduct[]'.
  Type 'TopPerformer' is missing the following properties from type 'TopProduct': revenue, quantity
src/features/dashboard/DashboardPage.tsx(193,29): error TS2322: Type 'TopPerformer[]' is not assignable to type 'TopCustomer[]'.
  Type 'TopPerformer' is missing the following properties from type 'TopCustomer': total, invoices
src/features/dashboard/DashboardPage.tsx(206,38): error TS2322: Type 'DashboardAlert[]' is not assignable to type 'Alert[]'.
  Property 'message' is missing in type 'DashboardAlert' but required in type 'Alert'.
src/features/dashboard/DashboardPage.tsx(210,45): error TS2322: Type 'LowStockProduct[]' is not assignable to type '{ name: string; current: number; minStock: number; avgMonthlyUsage: number; }[]'.
  Type 'LowStockProduct' is missing the following properties from type '{ name: string; current: number; minStock: number; avgMonthlyUsage: number; }': current, minStock, avgMonthlyUsage
src/features/inventory/components/product_detail/FitmentSection.tsx(70,71): error TS2345: Argument of type '{ product_id: string; vehicle_id: any; }' is not assignable to parameter of type '{ company_id: string; created_at?: string | null; deleted_at?: string | null; id?: string; notes?: string | null; product_id: string; updated_at?: string; vehicle_id: string; }'.
  Property 'company_id' is missing in type '{ product_id: string; vehicle_id: any; }' but required in type '{ company_id: string; created_at?: string | null; deleted_at?: string | null; id?: string; notes?: string | null; product_id: string; updated_at?: string; vehicle_id: string; }'.
src/features/inventory/components/product_form/ProductFitment.tsx(47,68): error TS2345: Argument of type '{ product_id: string; vehicle_id: string; }' is not assignable to parameter of type '{ company_id: string; created_at?: string | null; deleted_at?: string | null; id?: string; notes?: string | null; product_id: string; updated_at?: string; vehicle_id: string; }'.
  Property 'company_id' is missing in type '{ product_id: string; vehicle_id: string; }' but required in type '{ company_id: string; created_at?: string | null; deleted_at?: string | null; id?: string; notes?: string | null; product_id: string; updated_at?: string; vehicle_id: string; }'.
src/features/parties/api/enhanced/customerApi.ts(161,21): error TS2379: Argument of type '{ activity_type: ActivityType | undefined; subject: string | undefined; description: string | undefined; scheduled_at: string | undefined; priority: Priority | undefined; assigned_to: string | undefined; updated_at: string; }' is not assignable to parameter of type '{ activity_type?: string; assigned_to?: string | null; company_id?: string | null; completed_at?: string | null; created_at?: string | null; created_by?: string | null; customer_id?: string | null; ... 8 more ...; updated_at?: string | null; }' with 'exactOptionalPropertyTypes: true'. Consider adding 'undefined' to the types of the target's properties.
  Types of property 'activity_type' are incompatible.
    Type 'string | undefined' is not assignable to type 'string'.
      Type 'undefined' is not assignable to type 'string'.
src/features/parties/api/enhanced/customerApi.ts(204,33): error TS7006: Parameter 'item' implicitly has an 'any' type.
src/features/parties/api/enhanced/customerApi.ts(222,14): error TS2769: No overload matches this call.
  Overload 1 of 2, '(values: { company_id?: string | null; content: string; created_at?: string | null; created_by?: string | null; customer_id?: string | null; id?: string; is_important?: boolean | null; note_type?: string | null; }, options?: { ...; } | undefined): PostgrestFilterBuilder<...>', gave the following error.
    Argument of type '{ company_id: string; customer_id: string; note_type: NoteType; content: string; is_important: boolean; created_by: string | undefined; }' is not assignable to parameter of type '{ company_id?: string | null; content: string; created_at?: string | null; created_by?: string | null; customer_id?: string | null; id?: string; is_important?: boolean | null; note_type?: string | null; }' with 'exactOptionalPropertyTypes: true'. Consider adding 'undefined' to the types of the target's properties.
      Types of property 'created_by' are incompatible.
        Type 'string | undefined' is not assignable to type 'string | null'.
          Type 'undefined' is not assignable to type 'string | null'.
  Overload 2 of 2, '(values: { company_id?: string | null; content: string; created_at?: string | null; created_by?: string | null; customer_id?: string | null; id?: string; is_important?: boolean | null; note_type?: string | null; }[], options?: { ...; } | undefined): PostgrestFilterBuilder<...>', gave the following error.
    Object literal may only specify known properties, and 'company_id' does not exist in type '{ company_id?: string | null; content: string; created_at?: string | null; created_by?: string | null; customer_id?: string | null; id?: string; is_important?: boolean | null; note_type?: string | null; }[]'.
src/features/parties/api/enhanced/customerApi.ts(234,9): error TS2740: Type '{ company_id: string | null; content: string; created_at: string | null; created_by: string | null; customer_id: string | null; id: string; is_important: boolean | null; note_type: string | null; }' is missing the following properties from type 'CustomerNote': companyId, customerId, noteType, isImportant, and 2 more.
src/features/parties/api/enhanced/customerApi.ts(278,9): error TS2322: Type '{ id: string; companyId: string | null; name: string; color: string | null; assignedCount: number; createdAt: string | null; }[]' is not assignable to type 'CustomerTag[]'.
  Type '{ id: string; companyId: string | null; name: string; color: string | null; assignedCount: number; createdAt: string | null; }' is not assignable to type 'CustomerTag'.
    Types of property 'companyId' are incompatible.
      Type 'string | null' is not assignable to type 'string'.
        Type 'null' is not assignable to type 'string'.
src/features/parties/api/enhanced/customerApi.ts(293,9): error TS2741: Property 'companyId' is missing in type '{ color: string | null; company_id: string | null; created_at: string | null; id: string; name: string; }' but required in type 'CustomerTag'.
src/features/parties/api/enhanced/customerApi.ts(299,21): error TS2379: Argument of type '{ name: string | undefined; color: string | undefined; }' is not assignable to parameter of type '{ color?: string | null; company_id?: string | null; created_at?: string | null; id?: string; name?: string; }' with 'exactOptionalPropertyTypes: true'. Consider adding 'undefined' to the types of the target's properties.
  Types of property 'color' are incompatible.
    Type 'string | undefined' is not assignable to type 'string | null'.
      Type 'undefined' is not assignable to type 'string | null'.
src/features/parties/api/enhanced/customerApi.ts(348,9): error TS2322: Type '{ id: string; companyId: string | null; name: string; color: string | null; }[]' is not assignable to type 'CustomerTag[]'.
  Type '{ id: string; companyId: string | null; name: string; color: string | null; }' is not assignable to type 'CustomerTag'.
    Types of property 'companyId' are incompatible.
      Type 'string | null' is not assignable to type 'string'.
        Type 'null' is not assignable to type 'string'.
src/features/parties/api/enhanced/customerApi.ts(365,9): error TS2322: Type 'Json' is not assignable to type 'CustomerStats'.
  Type 'null' is not assignable to type 'CustomerStats'.
src/features/parties/api/enhanced/customerApi.ts(376,9): error TS2322: Type '{ id: string; invoice_count: number; name: string; total_revenue: number; }[]' is not assignable to type 'TopCustomer[]'.
  Type '{ id: string; invoice_count: number; name: string; total_revenue: number; }' is missing the following properties from type 'TopCustomer': totalRevenue, invoiceCount
src/features/parties/api/enhanced/customerApi.ts(403,9): error TS2322: Type '{ id: string; companyId: string | null; customerId: string | null; customerName: string | undefined; activityType: string; subject: string; description: string | null; scheduledAt: string | null; ... 9 more ...; updatedAt: string | null; }[]' is not assignable to type 'CustomerActivity[]'.
  Type '{ id: string; companyId: string | null; customerId: string | null; customerName: string | undefined; activityType: string; subject: string; description: string | null; scheduledAt: string | null; ... 9 more ...; updatedAt: string | null; }' is not assignable to type 'CustomerActivity'.
    Types of property 'companyId' are incompatible.
      Type 'string | null' is not assignable to type 'string'.
        Type 'null' is not assignable to type 'string'.
src/features/parties/api/enhanced/customerApi.ts(416,47): error TS2339: Property 'full_name' does not exist on type '{ error: true; } & "Could not embed because more than one relationship was found for 'profiles' and 'customer_activities' you need to hint the column with profiles!<columnName> ?"'.
src/features/parties/api/enhanced/customerApi.ts(452,9): error TS2322: Type '{ id: string; companyId: string | null; customerId: string | null; customerName: string | undefined; activityType: string; subject: string; description: string | null; scheduledAt: string | null; ... 9 more ...; updatedAt: string | null; }[]' is not assignable to type 'CustomerActivity[]'.
  Type '{ id: string; companyId: string | null; customerId: string | null; customerName: string | undefined; activityType: string; subject: string; description: string | null; scheduledAt: string | null; ... 9 more ...; updatedAt: string | null; }' is not assignable to type 'CustomerActivity'.
    Types of property 'companyId' are incompatible.
      Type 'string | null' is not assignable to type 'string'.
        Type 'null' is not assignable to type 'string'.
src/features/parties/api/enhanced/customerApi.ts(465,47): error TS2339: Property 'full_name' does not exist on type '{ error: true; } & "Could not embed because more than one relationship was found for 'profiles' and 'customer_activities' you need to hint the column with profiles!<columnName> ?"'.
src/features/parties/components/customers/AddActivityModal.tsx(7,23): error TS6133: 'Clock' is declared but its value is never read.
src/features/reports/components/DailySalesReport.tsx(59,48): error TS7006: Parameter 'inv' implicitly has an 'any' type.
src/features/vehicles/hooks/useVINLookup.ts(92,51): error TS2345: Argument of type '{ product_id: any; vehicle_id: string; }' is not assignable to parameter of type '{ company_id: string; created_at?: string | null; deleted_at?: string | null; id?: string; notes?: string | null; product_id: string; updated_at?: string; vehicle_id: string; }'.
  Property 'company_id' is missing in type '{ product_id: any; vehicle_id: string; }' but required in type '{ company_id: string; created_at?: string | null; deleted_at?: string | null; id?: string; notes?: string | null; product_id: string; updated_at?: string; vehicle_id: string; }'.
src/features/vehicles/hooks/useVINLookup.ts(127,51): error TS2345: Argument of type '{ product_id: any; vehicle_id: string; }' is not assignable to parameter of type '{ company_id: string; created_at?: string | null; deleted_at?: string | null; id?: string; notes?: string | null; product_id: string; updated_at?: string; vehicle_id: string; }'.
  Property 'company_id' is missing in type '{ product_id: any; vehicle_id: string; }' but required in type '{ company_id: string; created_at?: string | null; deleted_at?: string | null; id?: string; notes?: string | null; product_id: string; updated_at?: string; vehicle_id: string; }'.
src/features/vehicles/hooks/useVINLookup.ts(130,47): error TS2345: Argument of type '{ product_id: string; vehicle_id: string; }' is not assignable to parameter of type '{ company_id: string; created_at?: string | null; deleted_at?: string | null; id?: string; notes?: string | null; product_id: string; updated_at?: string; vehicle_id: string; }'.
  Property 'company_id' is missing in type '{ product_id: string; vehicle_id: string; }' but required in type '{ company_id: string; created_at?: string | null; deleted_at?: string | null; id?: string; notes?: string | null; product_id: string; updated_at?: string; vehicle_id: string; }'.
