src/features/dashboard/DashboardPage.tsx(2,17): error TS6133: 'useState' is declared but its value is never read.
src/features/dashboard/DashboardPage.tsx(156,49): error TS2322: Type 'import("C:/Users/User/OneDrive/Desktop/alzhra smart/src/features/dashboard/models/index").ChartDataPoint[]' is not assignable to type 'import("C:/Users/User/OneDrive/Desktop/alzhra smart/src/features/dashboard/components/SalesFlowChart/hooks/useSalesFlowChart").ChartDataPoint[]'.
  Type 'import("C:/Users/User/OneDrive/Desktop/alzhra smart/src/features/dashboard/models/index").ChartDataPoint' is not assignable to type 'import("C:/Users/User/OneDrive/Desktop/alzhra smart/src/features/dashboard/components/SalesFlowChart/hooks/useSalesFlowChart").ChartDataPoint' with 'exactOptionalPropertyTypes: true'. Consider adding 'undefined' to the types of the target's properties.
    Property 'value' is optional in type 'ChartDataPoint' but required in type 'ChartDataPoint'.
src/features/dashboard/DashboardPage.tsx(185,50): error TS2322: Type 'ChartDataPoint[]' is not assignable to type '{ name: string; value: number; }[]'.
  Type 'ChartDataPoint' is not assignable to type '{ name: string; value: number; }'.
    Property 'value' is optional in type 'ChartDataPoint' but required in type '{ name: string; value: number; }'.
src/features/dashboard/DashboardPage.tsx(192,29): error TS2322: Type 'TopPerformer[]' is not assignable to type 'TopProduct[]'.
  Type 'TopPerformer' is missing the following properties from type 'TopProduct': revenue, quantity
src/features/dashboard/DashboardPage.tsx(193,29): error TS2322: Type 'TopPerformer[]' is not assignable to type 'TopCustomer[]'.
  Type 'TopPerformer' is missing the following properties from type 'TopCustomer': total, invoices
src/features/dashboard/DashboardPage.tsx(206,38): error TS2322: Type 'DashboardAlert[]' is not assignable to type 'Alert[]'.
  Property 'message' is missing in type 'DashboardAlert' but required in type 'Alert'.
src/features/dashboard/DashboardPage.tsx(210,45): error TS2322: Type 'LowStockProduct[]' is not assignable to type '{ name: string; current: number; minStock: number; avgMonthlyUsage: number; }[]'.
  Type 'LowStockProduct' is missing the following properties from type '{ name: string; current: number; minStock: number; avgMonthlyUsage: number; }': current, minStock, avgMonthlyUsage
src/features/dashboard/hooks/index.ts(55,39): error TS7006: Parameter 'b' implicitly has an 'any' type.
src/features/dashboard/hooks/index.ts(55,87): error TS7006: Parameter 'b' implicitly has an 'any' type.
src/features/dashboard/hooks/index.ts(56,39): error TS7006: Parameter 'b' implicitly has an 'any' type.
src/features/dashboard/hooks/index.ts(56,87): error TS7006: Parameter 'b' implicitly has an 'any' type.
src/features/dashboard/hooks/useDashboardMetrics.ts(26,45): error TS18048: 'currentSales' is possibly 'undefined'.
src/features/parties/api/enhanced/customerApi.ts(123,19): error TS2769: No overload matches this call.
  Overload 1 of 2, '(relation: "invoices" | "products" | "expenses" | "warehouses" | "vehicles" | "companies" | "supported_currencies" | "accounts" | "audit_sessions" | "expense_categories" | "parties" | ... 25 more ... | "user_company_roles"): PostgrestQueryBuilder<...>', gave the following error.
    Argument of type '"customer_activities"' is not assignable to parameter of type '"invoices" | "products" | "expenses" | "warehouses" | "vehicles" | "companies" | "supported_currencies" | "accounts" | "audit_sessions" | "expense_categories" | "parties" | ... 25 more ... | "user_company_roles"'.
  Overload 2 of 2, '(relation: "active_accounts" | "active_products" | "active_invoices" | "active_parties" | "active_journal_entries" | "active_payments" | "active_expenses"): PostgrestQueryBuilder<{ PostgrestVersion: "14.1"; }, { ...; }, { ...; } | ... 5 more ... | { ...; }, "active_accounts" | ... 5 more ... | "active_expenses", [...] | ... 5 more ... | [...]>', gave the following error.
    Argument of type '"customer_activities"' is not assignable to parameter of type '"active_accounts" | "active_products" | "active_invoices" | "active_parties" | "active_journal_entries" | "active_payments" | "active_expenses"'.
src/features/parties/api/enhanced/customerApi.ts(162,19): error TS2769: No overload matches this call.
  Overload 1 of 2, '(relation: "invoices" | "products" | "expenses" | "warehouses" | "vehicles" | "companies" | "supported_currencies" | "accounts" | "audit_sessions" | "expense_categories" | "parties" | ... 25 more ... | "user_company_roles"): PostgrestQueryBuilder<...>', gave the following error.
    Argument of type '"customer_activities"' is not assignable to parameter of type '"invoices" | "products" | "expenses" | "warehouses" | "vehicles" | "companies" | "supported_currencies" | "accounts" | "audit_sessions" | "expense_categories" | "parties" | ... 25 more ... | "user_company_roles"'.
  Overload 2 of 2, '(relation: "active_accounts" | "active_products" | "active_invoices" | "active_parties" | "active_journal_entries" | "active_payments" | "active_expenses"): PostgrestQueryBuilder<{ PostgrestVersion: "14.1"; }, { ...; }, { ...; } | ... 5 more ... | { ...; }, "active_accounts" | ... 5 more ... | "active_expenses", [...] | ... 5 more ... | [...]>', gave the following error.
    Argument of type '"customer_activities"' is not assignable to parameter of type '"active_accounts" | "active_products" | "active_invoices" | "active_parties" | "active_journal_entries" | "active_payments" | "active_expenses"'.
src/features/parties/api/enhanced/customerApi.ts(179,19): error TS2769: No overload matches this call.
  Overload 1 of 2, '(relation: "invoices" | "products" | "expenses" | "warehouses" | "vehicles" | "companies" | "supported_currencies" | "accounts" | "audit_sessions" | "expense_categories" | "parties" | ... 25 more ... | "user_company_roles"): PostgrestQueryBuilder<...>', gave the following error.
    Argument of type '"customer_activities"' is not assignable to parameter of type '"invoices" | "products" | "expenses" | "warehouses" | "vehicles" | "companies" | "supported_currencies" | "accounts" | "audit_sessions" | "expense_categories" | "parties" | ... 25 more ... | "user_company_roles"'.
  Overload 2 of 2, '(relation: "active_accounts" | "active_products" | "active_invoices" | "active_parties" | "active_journal_entries" | "active_payments" | "active_expenses"): PostgrestQueryBuilder<{ PostgrestVersion: "14.1"; }, { ...; }, { ...; } | ... 5 more ... | { ...; }, "active_accounts" | ... 5 more ... | "active_expenses", [...] | ... 5 more ... | [...]>', gave the following error.
    Argument of type '"customer_activities"' is not assignable to parameter of type '"active_accounts" | "active_products" | "active_invoices" | "active_parties" | "active_journal_entries" | "active_payments" | "active_expenses"'.
src/features/parties/api/enhanced/customerApi.ts(206,33): error TS7006: Parameter 'item' implicitly has an 'any' type.
src/features/parties/api/enhanced/customerApi.ts(223,19): error TS2769: No overload matches this call.
  Overload 1 of 2, '(relation: "invoices" | "products" | "expenses" | "warehouses" | "vehicles" | "companies" | "supported_currencies" | "accounts" | "audit_sessions" | "expense_categories" | "parties" | ... 25 more ... | "user_company_roles"): PostgrestQueryBuilder<...>', gave the following error.
    Argument of type '"customer_notes"' is not assignable to parameter of type '"invoices" | "products" | "expenses" | "warehouses" | "vehicles" | "companies" | "supported_currencies" | "accounts" | "audit_sessions" | "expense_categories" | "parties" | ... 25 more ... | "user_company_roles"'.
  Overload 2 of 2, '(relation: "active_accounts" | "active_products" | "active_invoices" | "active_parties" | "active_journal_entries" | "active_payments" | "active_expenses"): PostgrestQueryBuilder<{ PostgrestVersion: "14.1"; }, { ...; }, { ...; } | ... 5 more ... | { ...; }, "active_accounts" | ... 5 more ... | "active_expenses", [...] | ... 5 more ... | [...]>', gave the following error.
    Argument of type '"customer_notes"' is not assignable to parameter of type '"active_accounts" | "active_products" | "active_invoices" | "active_parties" | "active_journal_entries" | "active_payments" | "active_expenses"'.
src/features/parties/api/enhanced/customerApi.ts(236,9): error TS2322: Type '{ avatar_url: string | null; created_at: string; full_name: string; id: string; updated_at: string; } | { address: string | null; balance: number; category_id: string | null; company_id: string; ... 9 more ...; updated_at: string | null; } | ... 34 more ... | { ...; }' is not assignable to type 'CustomerNote'.
  Type '{ avatar_url: string | null; created_at: string; full_name: string; id: string; updated_at: string; }' is missing the following properties from type 'CustomerNote': companyId, customerId, noteType, content, and 3 more.
src/features/parties/api/enhanced/customerApi.ts(241,19): error TS2769: No overload matches this call.
  Overload 1 of 2, '(relation: "invoices" | "products" | "expenses" | "warehouses" | "vehicles" | "companies" | "supported_currencies" | "accounts" | "audit_sessions" | "expense_categories" | "parties" | ... 25 more ... | "user_company_roles"): PostgrestQueryBuilder<...>', gave the following error.
    Argument of type '"customer_notes"' is not assignable to parameter of type '"invoices" | "products" | "expenses" | "warehouses" | "vehicles" | "companies" | "supported_currencies" | "accounts" | "audit_sessions" | "expense_categories" | "parties" | ... 25 more ... | "user_company_roles"'.
  Overload 2 of 2, '(relation: "active_accounts" | "active_products" | "active_invoices" | "active_parties" | "active_journal_entries" | "active_payments" | "active_expenses"): PostgrestQueryBuilder<{ PostgrestVersion: "14.1"; }, { ...; }, { ...; } | ... 5 more ... | { ...; }, "active_accounts" | ... 5 more ... | "active_expenses", [...] | ... 5 more ... | [...]>', gave the following error.
    Argument of type '"customer_notes"' is not assignable to parameter of type '"active_accounts" | "active_products" | "active_invoices" | "active_parties" | "active_journal_entries" | "active_payments" | "active_expenses"'.
src/features/parties/api/enhanced/customerApi.ts(254,19): error TS2769: No overload matches this call.
  Overload 1 of 2, '(relation: "invoices" | "products" | "expenses" | "warehouses" | "vehicles" | "companies" | "supported_currencies" | "accounts" | "audit_sessions" | "expense_categories" | "parties" | ... 25 more ... | "user_company_roles"): PostgrestQueryBuilder<...>', gave the following error.
    Argument of type '"customer_tags"' is not assignable to parameter of type '"invoices" | "products" | "expenses" | "warehouses" | "vehicles" | "companies" | "supported_currencies" | "accounts" | "audit_sessions" | "expense_categories" | "parties" | ... 25 more ... | "user_company_roles"'.
  Overload 2 of 2, '(relation: "active_accounts" | "active_products" | "active_invoices" | "active_parties" | "active_journal_entries" | "active_payments" | "active_expenses"): PostgrestQueryBuilder<{ PostgrestVersion: "14.1"; }, { ...; }, { ...; } | ... 5 more ... | { ...; }, "active_accounts" | ... 5 more ... | "active_expenses", [...] | ... 5 more ... | [...]>', gave the following error.
    Argument of type '"customer_tags"' is not assignable to parameter of type '"active_accounts" | "active_products" | "active_invoices" | "active_parties" | "active_journal_entries" | "active_payments" | "active_expenses"'.
src/features/parties/api/enhanced/customerApi.ts(265,27): error TS2769: No overload matches this call.
  Overload 1 of 2, '(relation: "invoices" | "products" | "expenses" | "warehouses" | "vehicles" | "companies" | "supported_currencies" | "accounts" | "audit_sessions" | "expense_categories" | "parties" | ... 25 more ... | "user_company_roles"): PostgrestQueryBuilder<...>', gave the following error.
    Argument of type '"customer_tag_assignments"' is not assignable to parameter of type '"invoices" | "products" | "expenses" | "warehouses" | "vehicles" | "companies" | "supported_currencies" | "accounts" | "audit_sessions" | "expense_categories" | "parties" | ... 25 more ... | "user_company_roles"'.
  Overload 2 of 2, '(relation: "active_accounts" | "active_products" | "active_invoices" | "active_parties" | "active_journal_entries" | "active_payments" | "active_expenses"): PostgrestQueryBuilder<{ PostgrestVersion: "14.1"; }, { ...; }, { ...; } | ... 5 more ... | { ...; }, "active_accounts" | ... 5 more ... | "active_expenses", [...] | ... 5 more ... | [...]>', gave the following error.
    Argument of type '"customer_tag_assignments"' is not assignable to parameter of type '"active_accounts" | "active_products" | "active_invoices" | "active_parties" | "active_journal_entries" | "active_payments" | "active_expenses"'.
src/features/parties/api/enhanced/customerApi.ts(267,39): error TS2339: Property 'id' does not exist on type '{ avatar_url: string | null; created_at: string; full_name: string; id: string; updated_at: string; } | { address: string | null; balance: number; category_id: string | null; company_id: string; ... 9 more ...; updated_at: string | null; } | ... 34 more ... | { ...; }'.
  Property 'id' does not exist on type '{ code: string; exchange_operator: string; is_base: boolean; name_ar: string; symbol: string; }'.
src/features/parties/api/enhanced/customerApi.ts(270,29): error TS2339: Property 'id' does not exist on type '{ avatar_url: string | null; created_at: string; full_name: string; id: string; updated_at: string; } | { address: string | null; balance: number; category_id: string | null; company_id: string; ... 9 more ...; updated_at: string | null; } | ... 34 more ... | { ...; }'.
  Property 'id' does not exist on type '{ code: string; exchange_operator: string; is_base: boolean; name_ar: string; symbol: string; }'.
src/features/parties/api/enhanced/customerApi.ts(271,36): error TS2339: Property 'company_id' does not exist on type '{ avatar_url: string | null; created_at: string; full_name: string; id: string; updated_at: string; } | { address: string | null; balance: number; category_id: string | null; company_id: string; ... 9 more ...; updated_at: string | null; } | ... 34 more ... | { ...; }'.
  Property 'company_id' does not exist on type '{ avatar_url: string | null; created_at: string; full_name: string; id: string; updated_at: string; }'.
src/features/parties/api/enhanced/customerApi.ts(272,31): error TS2339: Property 'name' does not exist on type '{ avatar_url: string | null; created_at: string; full_name: string; id: string; updated_at: string; } | { address: string | null; balance: number; category_id: string | null; company_id: string; ... 9 more ...; updated_at: string | null; } | ... 34 more ... | { ...; }'.
  Property 'name' does not exist on type '{ avatar_url: string | null; created_at: string; full_name: string; id: string; updated_at: string; }'.
src/features/parties/api/enhanced/customerApi.ts(273,32): error TS2339: Property 'color' does not exist on type '{ avatar_url: string | null; created_at: string; full_name: string; id: string; updated_at: string; } | { address: string | null; balance: number; category_id: string | null; company_id: string; ... 9 more ...; updated_at: string | null; } | ... 34 more ... | { ...; }'.
  Property 'color' does not exist on type '{ avatar_url: string | null; created_at: string; full_name: string; id: string; updated_at: string; }'.
src/features/parties/api/enhanced/customerApi.ts(275,36): error TS2339: Property 'created_at' does not exist on type '{ avatar_url: string | null; created_at: string; full_name: string; id: string; updated_at: string; } | { address: string | null; balance: number; category_id: string | null; company_id: string; ... 9 more ...; updated_at: string | null; } | ... 34 more ... | { ...; }'.
  Property 'created_at' does not exist on type '{ company_id: string; cost_price: number; id: string; last_updated: string; lead_time_days: number | null; notes: string | null; product_id: string; supplier_id: string; supplier_part_number: string | null; }'.
src/features/parties/api/enhanced/customerApi.ts(285,19): error TS2769: No overload matches this call.
  Overload 1 of 2, '(relation: "invoices" | "products" | "expenses" | "warehouses" | "vehicles" | "companies" | "supported_currencies" | "accounts" | "audit_sessions" | "expense_categories" | "parties" | ... 25 more ... | "user_company_roles"): PostgrestQueryBuilder<...>', gave the following error.
    Argument of type '"customer_tags"' is not assignable to parameter of type '"invoices" | "products" | "expenses" | "warehouses" | "vehicles" | "companies" | "supported_currencies" | "accounts" | "audit_sessions" | "expense_categories" | "parties" | ... 25 more ... | "user_company_roles"'.
  Overload 2 of 2, '(relation: "active_accounts" | "active_products" | "active_invoices" | "active_parties" | "active_journal_entries" | "active_payments" | "active_expenses"): PostgrestQueryBuilder<{ PostgrestVersion: "14.1"; }, { ...; }, { ...; } | ... 5 more ... | { ...; }, "active_accounts" | ... 5 more ... | "active_expenses", [...] | ... 5 more ... | [...]>', gave the following error.
    Argument of type '"customer_tags"' is not assignable to parameter of type '"active_accounts" | "active_products" | "active_invoices" | "active_parties" | "active_journal_entries" | "active_payments" | "active_expenses"'.
src/features/parties/api/enhanced/customerApi.ts(295,9): error TS2322: Type '{ avatar_url: string | null; created_at: string; full_name: string; id: string; updated_at: string; } | { address: string | null; balance: number; category_id: string | null; company_id: string; ... 9 more ...; updated_at: string | null; } | ... 34 more ... | { ...; }' is not assignable to type 'CustomerTag'.
  Type '{ avatar_url: string | null; created_at: string; full_name: string; id: string; updated_at: string; }' is missing the following properties from type 'CustomerTag': companyId, name, color
src/features/parties/api/enhanced/customerApi.ts(300,19): error TS2769: No overload matches this call.
  Overload 1 of 2, '(relation: "invoices" | "products" | "expenses" | "warehouses" | "vehicles" | "companies" | "supported_currencies" | "accounts" | "audit_sessions" | "expense_categories" | "parties" | ... 25 more ... | "user_company_roles"): PostgrestQueryBuilder<...>', gave the following error.
    Argument of type '"customer_tags"' is not assignable to parameter of type '"invoices" | "products" | "expenses" | "warehouses" | "vehicles" | "companies" | "supported_currencies" | "accounts" | "audit_sessions" | "expense_categories" | "parties" | ... 25 more ... | "user_company_roles"'.
  Overload 2 of 2, '(relation: "active_accounts" | "active_products" | "active_invoices" | "active_parties" | "active_journal_entries" | "active_payments" | "active_expenses"): PostgrestQueryBuilder<{ PostgrestVersion: "14.1"; }, { ...; }, { ...; } | ... 5 more ... | { ...; }, "active_accounts" | ... 5 more ... | "active_expenses", [...] | ... 5 more ... | [...]>', gave the following error.
    Argument of type '"customer_tags"' is not assignable to parameter of type '"active_accounts" | "active_products" | "active_invoices" | "active_parties" | "active_journal_entries" | "active_payments" | "active_expenses"'.
src/features/parties/api/enhanced/customerApi.ts(301,21): error TS2345: Argument of type '{ name: string | undefined; color: string | undefined; }' is not assignable to parameter of type '{ balance?: number; code?: string; company_id?: string; created_at?: string; currency_code?: string; deleted_at?: string | null; id?: string; is_active?: boolean; is_system?: boolean; name_ar?: string; name_en?: string | null; parent_id?: string | null; type?: string; updated_at?: string | null; } | ... 35 more ... ...'.
  Type '{ name: string | undefined; color: string | undefined; }' is not assignable to type '{ account_id?: string | null; color?: string | null; company_id?: string; created_at?: string; deleted_at?: string | null; description?: string | null; id?: string; is_system?: boolean; name?: string; }' with 'exactOptionalPropertyTypes: true'. Consider adding 'undefined' to the types of the target's properties.
    Types of property 'color' are incompatible.
      Type 'string | undefined' is not assignable to type 'string | null'.
        Type 'undefined' is not assignable to type 'string | null'.
src/features/parties/api/enhanced/customerApi.ts(312,19): error TS2769: No overload matches this call.
  Overload 1 of 2, '(relation: "invoices" | "products" | "expenses" | "warehouses" | "vehicles" | "companies" | "supported_currencies" | "accounts" | "audit_sessions" | "expense_categories" | "parties" | ... 25 more ... | "user_company_roles"): PostgrestQueryBuilder<...>', gave the following error.
    Argument of type '"customer_tags"' is not assignable to parameter of type '"invoices" | "products" | "expenses" | "warehouses" | "vehicles" | "companies" | "supported_currencies" | "accounts" | "audit_sessions" | "expense_categories" | "parties" | ... 25 more ... | "user_company_roles"'.
  Overload 2 of 2, '(relation: "active_accounts" | "active_products" | "active_invoices" | "active_parties" | "active_journal_entries" | "active_payments" | "active_expenses"): PostgrestQueryBuilder<{ PostgrestVersion: "14.1"; }, { ...; }, { ...; } | ... 5 more ... | { ...; }, "active_accounts" | ... 5 more ... | "active_expenses", [...] | ... 5 more ... | [...]>', gave the following error.
    Argument of type '"customer_tags"' is not assignable to parameter of type '"active_accounts" | "active_products" | "active_invoices" | "active_parties" | "active_journal_entries" | "active_payments" | "active_expenses"'.
src/features/parties/api/enhanced/customerApi.ts(321,19): error TS2769: No overload matches this call.
  Overload 1 of 2, '(relation: "invoices" | "products" | "expenses" | "warehouses" | "vehicles" | "companies" | "supported_currencies" | "accounts" | "audit_sessions" | "expense_categories" | "parties" | ... 25 more ... | "user_company_roles"): PostgrestQueryBuilder<...>', gave the following error.
    Argument of type '"customer_tag_assignments"' is not assignable to parameter of type '"invoices" | "products" | "expenses" | "warehouses" | "vehicles" | "companies" | "supported_currencies" | "accounts" | "audit_sessions" | "expense_categories" | "parties" | ... 25 more ... | "user_company_roles"'.
  Overload 2 of 2, '(relation: "active_accounts" | "active_products" | "active_invoices" | "active_parties" | "active_journal_entries" | "active_payments" | "active_expenses"): PostgrestQueryBuilder<{ PostgrestVersion: "14.1"; }, { ...; }, { ...; } | ... 5 more ... | { ...; }, "active_accounts" | ... 5 more ... | "active_expenses", [...] | ... 5 more ... | [...]>', gave the following error.
    Argument of type '"customer_tag_assignments"' is not assignable to parameter of type '"active_accounts" | "active_products" | "active_invoices" | "active_parties" | "active_journal_entries" | "active_payments" | "active_expenses"'.
src/features/parties/api/enhanced/customerApi.ts(323,17): error TS2769: No overload matches this call.
  Overload 1 of 2, '(values: { balance?: number; code: string; company_id: string; created_at?: string; currency_code?: string; deleted_at?: string | null; id?: string; is_active?: boolean; is_system?: boolean; name_ar: string; name_en?: string | null; parent_id?: string | null; type: string; updated_at?: string | null; } | ... 35 more ... | { ...; }, options?: { ...; } | undefined): PostgrestFilterBuilder<...>', gave the following error.
    Object literal may only specify known properties, and 'customer_id' does not exist in type '{ balance?: number; code: string; company_id: string; created_at?: string; currency_code?: string; deleted_at?: string | null; id?: string; is_active?: boolean; is_system?: boolean; name_ar: string; name_en?: string | null; parent_id?: string | null; type: string; updated_at?: string | null; } | ... 35 more ... | { ...'.
  Overload 2 of 2, '(values: ({ balance?: number; code: string; company_id: string; created_at?: string; currency_code?: string; deleted_at?: string | null; id?: string; is_active?: boolean; is_system?: boolean; name_ar: string; name_en?: string | null; parent_id?: string | null; type: string; updated_at?: string | null; } | ... 35 more ... | { ...; })[], options?: { ...; } | undefined): PostgrestFilterBuilder<...>', gave the following error.
    Object literal may only specify known properties, and 'customer_id' does not exist in type '({ balance?: number; code: string; company_id: string; created_at?: string; currency_code?: string; deleted_at?: string | null; id?: string; is_active?: boolean; is_system?: boolean; name_ar: string; name_en?: string | null; parent_id?: string | null; type: string; updated_at?: string | null; } | ... 35 more ... | {...'.
src/features/parties/api/enhanced/customerApi.ts(332,19): error TS2769: No overload matches this call.
  Overload 1 of 2, '(relation: "invoices" | "products" | "expenses" | "warehouses" | "vehicles" | "companies" | "supported_currencies" | "accounts" | "audit_sessions" | "expense_categories" | "parties" | ... 25 more ... | "user_company_roles"): PostgrestQueryBuilder<...>', gave the following error.
    Argument of type '"customer_tag_assignments"' is not assignable to parameter of type '"invoices" | "products" | "expenses" | "warehouses" | "vehicles" | "companies" | "supported_currencies" | "accounts" | "audit_sessions" | "expense_categories" | "parties" | ... 25 more ... | "user_company_roles"'.
  Overload 2 of 2, '(relation: "active_accounts" | "active_products" | "active_invoices" | "active_parties" | "active_journal_entries" | "active_payments" | "active_expenses"): PostgrestQueryBuilder<{ PostgrestVersion: "14.1"; }, { ...; }, { ...; } | ... 5 more ... | { ...; }, "active_accounts" | ... 5 more ... | "active_expenses", [...] | ... 5 more ... | [...]>', gave the following error.
    Argument of type '"customer_tag_assignments"' is not assignable to parameter of type '"active_accounts" | "active_products" | "active_invoices" | "active_parties" | "active_journal_entries" | "active_payments" | "active_expenses"'.
src/features/parties/api/enhanced/customerApi.ts(342,19): error TS2769: No overload matches this call.
  Overload 1 of 2, '(relation: "invoices" | "products" | "expenses" | "warehouses" | "vehicles" | "companies" | "supported_currencies" | "accounts" | "audit_sessions" | "expense_categories" | "parties" | ... 25 more ... | "user_company_roles"): PostgrestQueryBuilder<...>', gave the following error.
    Argument of type '"customer_tag_assignments"' is not assignable to parameter of type '"invoices" | "products" | "expenses" | "warehouses" | "vehicles" | "companies" | "supported_currencies" | "accounts" | "audit_sessions" | "expense_categories" | "parties" | ... 25 more ... | "user_company_roles"'.
  Overload 2 of 2, '(relation: "active_accounts" | "active_products" | "active_invoices" | "active_parties" | "active_journal_entries" | "active_payments" | "active_expenses"): PostgrestQueryBuilder<{ PostgrestVersion: "14.1"; }, { ...; }, { ...; } | ... 5 more ... | { ...; }, "active_accounts" | ... 5 more ... | "active_expenses", [...] | ... 5 more ... | [...]>', gave the following error.
    Argument of type '"customer_tag_assignments"' is not assignable to parameter of type '"active_accounts" | "active_products" | "active_invoices" | "active_parties" | "active_journal_entries" | "active_payments" | "active_expenses"'.
src/features/parties/api/enhanced/customerApi.ts(351,26): error TS2339: Property 'id' does not exist on type 'SelectQueryError<"could not find the relation between invoices and tag_id"> | SelectQueryError<"could not find the relation between products and tag_id"> | ... 34 more ... | SelectQueryError<...>'.
  Property 'id' does not exist on type 'SelectQueryError<"could not find the relation between invoices and tag_id">'.
src/features/parties/api/enhanced/customerApi.ts(352,33): error TS2339: Property 'company_id' does not exist on type 'SelectQueryError<"could not find the relation between invoices and tag_id"> | SelectQueryError<"could not find the relation between products and tag_id"> | ... 34 more ... | SelectQueryError<...>'.
  Property 'company_id' does not exist on type 'SelectQueryError<"could not find the relation between invoices and tag_id">'.
src/features/parties/api/enhanced/customerApi.ts(353,28): error TS2339: Property 'name' does not exist on type 'SelectQueryError<"could not find the relation between invoices and tag_id"> | SelectQueryError<"could not find the relation between products and tag_id"> | ... 34 more ... | SelectQueryError<...>'.
  Property 'name' does not exist on type 'SelectQueryError<"could not find the relation between invoices and tag_id">'.
src/features/parties/api/enhanced/customerApi.ts(354,29): error TS2339: Property 'color' does not exist on type 'SelectQueryError<"could not find the relation between invoices and tag_id"> | SelectQueryError<"could not find the relation between products and tag_id"> | ... 34 more ... | SelectQueryError<...>'.
  Property 'color' does not exist on type 'SelectQueryError<"could not find the relation between invoices and tag_id">'.
src/features/parties/api/enhanced/customerApi.ts(364,18): error TS2345: Argument of type '"get_customer_stats"' is not assignable to parameter of type '"check_rate_limit" | "check_stock_availability" | "commit_expense" | "commit_expense_v2" | "commit_payment" | "commit_purchase_invoice" | "commit_purchase_return" | "commit_sale_return" | ... 31 more ... | "validate_journal_entry_balance"'.
src/features/parties/api/enhanced/customerApi.ts(367,9): error TS2322: Type 'boolean' is not assignable to type 'CustomerStats'.
src/features/parties/api/enhanced/customerApi.ts(372,18): error TS2345: Argument of type '"get_top_customers_by_revenue"' is not assignable to parameter of type '"check_rate_limit" | "check_stock_availability" | "commit_expense" | "commit_expense_v2" | "commit_payment" | "commit_purchase_invoice" | "commit_purchase_return" | "commit_sale_return" | ... 31 more ... | "validate_journal_entry_balance"'.
src/features/parties/api/enhanced/customerApi.ts(378,9): error TS2322: Type 'true | never[]' is not assignable to type 'TopCustomer[]'.
  Type 'boolean' is not assignable to type 'TopCustomer[]'.
src/features/parties/api/enhanced/customerApi.ts(390,39): error TS2589: Type instantiation is excessively deep and possibly infinite.
src/features/parties/api/enhanced/customerApi.ts(391,19): error TS2769: No overload matches this call.
  Overload 1 of 2, '(relation: "invoices" | "products" | "expenses" | "warehouses" | "vehicles" | "companies" | "supported_currencies" | "accounts" | "audit_sessions" | "expense_categories" | "parties" | ... 25 more ... | "user_company_roles"): PostgrestQueryBuilder<...>', gave the following error.
    Argument of type '"customer_activities"' is not assignable to parameter of type '"invoices" | "products" | "expenses" | "warehouses" | "vehicles" | "companies" | "supported_currencies" | "accounts" | "audit_sessions" | "expense_categories" | "parties" | ... 25 more ... | "user_company_roles"'.
  Overload 2 of 2, '(relation: "active_accounts" | "active_products" | "active_invoices" | "active_parties" | "active_journal_entries" | "active_payments" | "active_expenses"): PostgrestQueryBuilder<{ PostgrestVersion: "14.1"; }, { ...; }, { ...; } | ... 5 more ... | { ...; }, "active_accounts" | ... 5 more ... | "active_expenses", [...] | ... 5 more ... | [...]>', gave the following error.
    Argument of type '"customer_activities"' is not assignable to parameter of type '"active_accounts" | "active_products" | "active_invoices" | "active_parties" | "active_journal_entries" | "active_payments" | "active_expenses"'.
src/features/parties/api/enhanced/customerApi.ts(406,22): error TS2339: Property 'id' does not exist on type 'ResultOne'.
src/features/parties/api/enhanced/customerApi.ts(407,29): error TS2339: Property 'company_id' does not exist on type 'ResultOne'.
src/features/parties/api/enhanced/customerApi.ts(408,30): error TS2339: Property 'customer_id' does not exist on type 'ResultOne'.
src/features/parties/api/enhanced/customerApi.ts(409,32): error TS2339: Property 'customer' does not exist on type 'ResultOne'.
src/features/parties/api/enhanced/customerApi.ts(410,32): error TS2339: Property 'activity_type' does not exist on type 'ResultOne'.
src/features/parties/api/enhanced/customerApi.ts(411,27): error TS2339: Property 'subject' does not exist on type 'ResultOne'.
src/features/parties/api/enhanced/customerApi.ts(412,31): error TS2339: Property 'description' does not exist on type 'ResultOne'.
src/features/parties/api/enhanced/customerApi.ts(413,31): error TS2339: Property 'scheduled_at' does not exist on type 'ResultOne'.
src/features/parties/api/enhanced/customerApi.ts(414,31): error TS2339: Property 'completed_at' does not exist on type 'ResultOne'.
src/features/parties/api/enhanced/customerApi.ts(415,26): error TS2339: Property 'status' does not exist on type 'ResultOne'.
src/features/parties/api/enhanced/customerApi.ts(416,28): error TS2339: Property 'priority' does not exist on type 'ResultOne'.
src/features/parties/api/enhanced/customerApi.ts(417,30): error TS2339: Property 'assigned_to' does not exist on type 'ResultOne'.
src/features/parties/api/enhanced/customerApi.ts(418,34): error TS2339: Property 'assigned_to' does not exist on type 'ResultOne'.
src/features/parties/api/enhanced/customerApi.ts(419,27): error TS2339: Property 'outcome' does not exist on type 'ResultOne'.
src/features/parties/api/enhanced/customerApi.ts(420,35): error TS2339: Property 'duration_minutes' does not exist on type 'ResultOne'.
src/features/parties/api/enhanced/customerApi.ts(421,29): error TS2339: Property 'created_by' does not exist on type 'ResultOne'.
src/features/parties/api/enhanced/customerApi.ts(422,29): error TS2339: Property 'created_at' does not exist on type 'ResultOne'.
src/features/parties/api/enhanced/customerApi.ts(423,29): error TS2339: Property 'updated_at' does not exist on type 'ResultOne'.
src/features/parties/api/enhanced/customerApi.ts(430,39): error TS2589: Type instantiation is excessively deep and possibly infinite.
src/features/parties/api/enhanced/customerApi.ts(431,19): error TS2769: No overload matches this call.
  Overload 1 of 2, '(relation: "invoices" | "products" | "expenses" | "warehouses" | "vehicles" | "companies" | "supported_currencies" | "accounts" | "audit_sessions" | "expense_categories" | "parties" | ... 25 more ... | "user_company_roles"): PostgrestQueryBuilder<...>', gave the following error.
    Argument of type '"customer_activities"' is not assignable to parameter of type '"invoices" | "products" | "expenses" | "warehouses" | "vehicles" | "companies" | "supported_currencies" | "accounts" | "audit_sessions" | "expense_categories" | "parties" | ... 25 more ... | "user_company_roles"'.
  Overload 2 of 2, '(relation: "active_accounts" | "active_products" | "active_invoices" | "active_parties" | "active_journal_entries" | "active_payments" | "active_expenses"): PostgrestQueryBuilder<{ PostgrestVersion: "14.1"; }, { ...; }, { ...; } | ... 5 more ... | { ...; }, "active_accounts" | ... 5 more ... | "active_expenses", [...] | ... 5 more ... | [...]>', gave the following error.
    Argument of type '"customer_activities"' is not assignable to parameter of type '"active_accounts" | "active_products" | "active_invoices" | "active_parties" | "active_journal_entries" | "active_payments" | "active_expenses"'.
src/features/parties/api/enhanced/customerApi.ts(447,23): error TS2769: No overload matches this call.
  Overload 1 of 2, '(relation: "invoices" | "products" | "expenses" | "warehouses" | "vehicles" | "companies" | "supported_currencies" | "accounts" | "audit_sessions" | "expense_categories" | "parties" | ... 25 more ... | "user_company_roles"): PostgrestQueryBuilder<...>', gave the following error.
    Argument of type '"customer_activities"' is not assignable to parameter of type '"invoices" | "products" | "expenses" | "warehouses" | "vehicles" | "companies" | "supported_currencies" | "accounts" | "audit_sessions" | "expense_categories" | "parties" | ... 25 more ... | "user_company_roles"'.
  Overload 2 of 2, '(relation: "active_accounts" | "active_products" | "active_invoices" | "active_parties" | "active_journal_entries" | "active_payments" | "active_expenses"): PostgrestQueryBuilder<{ PostgrestVersion: "14.1"; }, { ...; }, { ...; } | ... 5 more ... | { ...; }, "active_accounts" | ... 5 more ... | "active_expenses", [...] | ... 5 more ... | [...]>', gave the following error.
    Argument of type '"customer_activities"' is not assignable to parameter of type '"active_accounts" | "active_products" | "active_invoices" | "active_parties" | "active_journal_entries" | "active_payments" | "active_expenses"'.
src/features/parties/api/enhanced/customerApi.ts(455,22): error TS2339: Property 'id' does not exist on type 'ResultOne'.
src/features/parties/api/enhanced/customerApi.ts(456,29): error TS2339: Property 'company_id' does not exist on type 'ResultOne'.
src/features/parties/api/enhanced/customerApi.ts(457,30): error TS2339: Property 'customer_id' does not exist on type 'ResultOne'.
src/features/parties/api/enhanced/customerApi.ts(458,32): error TS2339: Property 'customer' does not exist on type 'ResultOne'.
src/features/parties/api/enhanced/customerApi.ts(459,32): error TS2339: Property 'activity_type' does not exist on type 'ResultOne'.
src/features/parties/api/enhanced/customerApi.ts(460,27): error TS2339: Property 'subject' does not exist on type 'ResultOne'.
src/features/parties/api/enhanced/customerApi.ts(461,31): error TS2339: Property 'description' does not exist on type 'ResultOne'.
src/features/parties/api/enhanced/customerApi.ts(462,31): error TS2339: Property 'scheduled_at' does not exist on type 'ResultOne'.
src/features/parties/api/enhanced/customerApi.ts(463,31): error TS2339: Property 'completed_at' does not exist on type 'ResultOne'.
src/features/parties/api/enhanced/customerApi.ts(465,28): error TS2339: Property 'priority' does not exist on type 'ResultOne'.
src/features/parties/api/enhanced/customerApi.ts(466,30): error TS2339: Property 'assigned_to' does not exist on type 'ResultOne'.
src/features/parties/api/enhanced/customerApi.ts(467,34): error TS2339: Property 'assigned_to' does not exist on type 'ResultOne'.
src/features/parties/api/enhanced/customerApi.ts(468,27): error TS2339: Property 'outcome' does not exist on type 'ResultOne'.
src/features/parties/api/enhanced/customerApi.ts(469,35): error TS2339: Property 'duration_minutes' does not exist on type 'ResultOne'.
src/features/parties/api/enhanced/customerApi.ts(470,29): error TS2339: Property 'created_by' does not exist on type 'ResultOne'.
src/features/parties/api/enhanced/customerApi.ts(471,29): error TS2339: Property 'created_at' does not exist on type 'ResultOne'.
src/features/parties/api/enhanced/customerApi.ts(472,29): error TS2339: Property 'updated_at' does not exist on type 'ResultOne'.
src/features/parties/components/customers/AddActivityModal.tsx(7,23): error TS6133: 'Clock' is declared but its value is never read.
src/features/parties/components/customers/AddActivityModal.tsx(7,30): error TS6133: 'User' is declared but its value is never read.
src/features/parties/components/customers/AddNoteModal.tsx(7,54): error TS6133: 'X' is declared but its value is never read.
